// Vitest Snapshot v1, https://vitest.dev/guide/snapshot.html

exports[`Footer Component > Renders the footer with correct content 1`] = `
<div>
  <footer
    class="_footNote_021032"
  >
    <div
      class="_leftContent_021032"
    >
      <h3>
        Follow me!
      </h3>
      <a
        href="https://github.com/Z-K11"
      >
        GitHub
      </a>
      <a
        href="https://www.facebook.com/profile.php?id=100089228738451"
      >
        Facebook
      </a>
      <a
        href="https://www.instagram.com/thezk11/"
      >
        Instagram
      </a>
      <a
        href="https://www.linkedin.com/in/zk11/?lipi=urn%3Ali%3Apage%3Ad_flagship3_feed%3ByZVxsb67SO6pJKntsYwbIQ%3D%3D"
      >
        LinkedIn
      </a>
    </div>
    <div
      class="_footSplitter_021032"
    />
    <div
      class="_rightContent_021032"
    >
      <h3>
        Useful Links
      </h3>
      <a
        data-discover="true"
        href="/"
      >
        Home
      </a>
      <a
        data-discover="true"
        href="/store"
      >
        Store
      </a>
      <a
        data-discover="true"
        href="/cart"
      >
        Checkout
      </a>
      <a
        href="https://www.theodinproject.com"
      >
        Odin Project
      </a>
    </div>
  </footer>
</div>
`;
