// Vitest Snapshot v1, https://vitest.dev/guide/snapshot.html

exports[`Home component > Renders correct hero content 1`] = `
<div>
  <div
    class="_heroContainer_0ce84d"
  >
    <img
      alt="owl stuffed toy sitting on tree"
      src="/src/assets/heroOwl.webp"
    />
    <h1>
      The Qutbudeen Store
    </h1>
  </div>
  <div
    data-testid="flashCard-mock"
  />
</div>
`;
